2026-08-12 22:40:24 INFO    查詢 2026-07-13 ~ 2026-08-13
2026-08-12 22:40:24 INFO    找到 17 筆新活動。
2026-08-12 22:40:24 INFO    [i175154514] 2026-07-14T06:14 | Ride | 內湖區 公路車
2026-08-12 22:40:25 INFO      ✅ 2026-07-14_i175154514_內湖區-公路車.fit (327.2 KB)
2026-08-12 22:40:25 INFO    [i175154506] 2026-07-15T08:25 | WeightTraining | 肌力訓練
2026-08-12 22:40:26 INFO      ✅ 2026-07-15_i175154506_肌力訓練.fit (45.3 KB)
2026-08-12 22:40:26 INFO    [i175154500] 2026-07-15T18:23 | Ride | 內湖區 公路車
2026-08-12 22:40:27 INFO      ✅ 2026-07-15_i175154500_內湖區-公路車.fit (294.5 KB)
2026-08-12 22:40:27 INFO    [i175154496] 2026-07-16T06:44 | Ride | 內湖區 公路車
2026-08-12 22:40:28 INFO      ✅ 2026-07-16_i175154496_內湖區-公路車.fit (360.3 KB)
2026-08-12 22:40:29 INFO    [i175154487] 2026-07-21T06:13 | Ride | 內湖區 公路車
2026-08-12 22:40:30 INFO      ✅ 2026-07-21_i175154487_內湖區-公路車.fit (575.9 KB)
2026-08-12 22:40:30 INFO    [i175154485] 2026-07-22T08:19 | WeightTraining | 肌力訓練
2026-08-12 22:40:30 INFO      ✅ 2026-07-22_i175154485_肌力訓練.fit (52.0 KB)
2026-08-12 22:40:31 INFO    [i175154483] 2026-07-22T18:25 | Ride | 內湖區 公路車
2026-08-12 22:40:31 INFO      ✅ 2026-07-22_i175154483_內湖區-公路車.fit (425.2 KB)
2026-08-12 22:40:32 INFO    [i175154474] 2026-07-23T05:12 | Ride | 永和區 公路車
2026-08-12 22:40:32 INFO      ✅ 2026-07-23_i175154474_永和區-公路車.fit (786.2 KB)
2026-08-12 22:40:32 INFO    [i175154456] 2026-07-28T06:10 | Ride | 內湖區 公路車
2026-08-12 22:40:33 INFO      ✅ 2026-07-28_i175154456_內湖區-公路車.fit (571.0 KB)
2026-08-12 22:40:33 INFO    [i175154449] 2026-07-29T07:55 | WeightTraining | 肌力訓練
2026-08-12 22:40:34 INFO      ✅ 2026-07-29_i175154449_肌力訓練.fit (98.3 KB)
2026-08-12 22:40:34 INFO    [i175153454] 2026-07-30T06:15 | Ride | 內湖區 公路車
2026-08-12 22:40:34 INFO      ✅ 2026-07-30_i175153454_內湖區-公路車.fit (171.8 KB)
2026-08-12 22:40:35 INFO    [i175153444] 2026-07-30T07:26 | WeightTraining | 肌力訓練
2026-08-12 22:40:35 INFO      ✅ 2026-07-30_i175153444_肌力訓練.fit (86.5 KB)
2026-08-12 22:40:35 INFO    [i175153431] 2026-08-04T06:10 | Ride | 內湖區 公路車
2026-08-12 22:40:36 INFO      ✅ 2026-08-04_i175153431_內湖區-公路車.fit (500.5 KB)
2026-08-12 22:40:36 INFO    [i175153424] 2026-08-05T07:52 | WeightTraining | 肌力訓練
2026-08-12 22:40:37 INFO      ✅ 2026-08-05_i175153424_肌力訓練.fit (115.5 KB)
2026-08-12 22:40:37 INFO    [i175154443] 2026-08-05T18:19 | Ride | 內湖區 公路車
2026-08-12 22:40:37 INFO      ✅ 2026-08-05_i175154443_內湖區-公路車.fit (425.8 KB)
2026-08-12 22:40:38 INFO    [i175153417] 2026-08-06T04:47 | Ride | 永和區 公路車
2026-08-12 22:40:38 INFO      ✅ 2026-08-06_i175153417_永和區-公路車.fit (639.7 KB)
2026-08-12 22:40:38 INFO    [i175153409] 2026-08-11T05:54 | Ride | 內湖區 公路車
2026-08-12 22:40:39 INFO      ✅ 2026-08-11_i175153409_內湖區-公路車.fit (682.6 KB)
2026-08-12 22:40:39 INFO    完成:新增 17 筆 → data/fit
